// Jest Snapshot v1, https://goo.gl/fbAQLP

exports[`renders correctly without error 1`] = `
<styled.button
  onClick={[Function]}
>
  Button
</styled.button>
`;
